/home/shankar/radar2/guru/guru_burst.py:13: DeprecationWarning: The distutils package is deprecated and slated for removal in Python 3.12. Use setuptools or check PEP 632 for potential alternatives
  from distutils.version import StrictVersion
Warning: Ignoring XDG_SESSION_TYPE=wayland on Gnome. Use QT_QPA_PLATFORM=wayland to run on Wayland anyway.
[INFO] [UHD] linux; GNU C++ version 11.4.0; Boost_107400; UHD_3.15.0.HEAD-0-gaea0e2de
[INFO] [X300] X300 initialization sequence...
[INFO] [X300] Maximum frame size: 1472 bytes.
[INFO] [X300] Radio 1x clock: 200 MHz
[INFO] [0/DmaFIFO_0] Initializing block control (NOC ID: 0xF1F0D00000000000)
[INFO] [0/DmaFIFO_0] BIST passed (Throughput: 1316 MB/s)
[INFO] [0/DmaFIFO_0] BIST passed (Throughput: 1317 MB/s)
[INFO] [0/Radio_0] Initializing block control (NOC ID: 0x12AD100000000001)
[INFO] [0/Radio_1] Initializing block control (NOC ID: 0x12AD100000000001)
[INFO] [0/DDC_0] Initializing block control (NOC ID: 0xDDC0000000000000)
[INFO] [0/DDC_1] Initializing block control (NOC ID: 0xDDC0000000000000)
[INFO] [0/DUC_0] Initializing block control (NOC ID: 0xD0C0000000000000)
[INFO] [0/DUC_1] Initializing block control (NOC ID: 0xD0C0000000000000)
[WARNING] [X300] Cannot update master clock rate! X300 Series does not allow changing the clock rate during runtime.
[INFO] [MULTI_USRP]     1) catch time transition at pps edge
[INFO] [MULTI_USRP]     2) set times next pps (synchronously)
[radio] X310 ready (C++ engine): 3 band(s), 7.00 ms switching (0.25 before + 6.75 after each switch), DDC 0 Hz, real-time priority 90
        band 0:   2.4000 GHz  gain 46.0 dB (+trim)  dwell    5.00 ms
        band 1:   5.2000 GHz  gain 60.0 dB (+trim)  dwell    5.00 ms
        band 2:   5.8000 GHz  gain 69.0 dB (+trim)  dwell    5.00 ms
        BURST mode: the X310 sends only each dwell (+0.25 ms pre-roll inside the switching time), nothing while the LO relocks
[radio] calibration tone parked on 2.4000 GHz
[phasecal]   2.4000 GHz  ch1  +175.90 deg  ch2   -86.62 deg  ch3  -168.03 deg
[phasecal]   5.2000 GHz  ch1  +111.43 deg  ch2   +71.93 deg  ch3   +35.91 deg
[phasecal]   5.8000 GHz  ch1   +82.66 deg  ch2  +155.54 deg  ch3  +173.74 deg
[phasecal] following the source's hop marks (sample-exact)
[*] Calibration source: HackRF One (started separately).
TwinRX USRP Source block owns LO routing and tuning.
[meter] 12:46:15 5.8000 GHz  windows 117  with tone 0  worst SNR -21.4 dB | no tone
[meter] 12:46:15 5.2000 GHz  windows 113  with tone 0  worst SNR -18.2 dB | no tone
[meter] 12:46:15 2.4000 GHz  windows 114  with tone 114  worst SNR 60.4 dB | tone +192462.5 Hz 10000 samples | ch1 +138.81 (max dev 0.08)  ch2  -67.04 (max dev 0.06)  ch3  +88.59 (max dev 0.12)
[radio] calibration tone parked on 2.4000 GHz
[meter] 12:46:20 5.8000 GHz  windows 255  with tone 0  worst SNR -21.4 dB | no tone
[meter] 12:46:20 5.2000 GHz  windows 251  with tone 0  worst SNR -21.9 dB | no tone
[meter] 12:46:20 2.4000 GHz  windows 47  with tone 47  worst SNR 61.0 dB | tone +192471.0 Hz 10000 samples | ch1 +138.79 (max dev 0.05)  ch2  -67.02 (max dev 0.03)  ch3  +88.56 (max dev 0.03)
[radio] calibration tone parked on 5.2000 GHz
[meter] 12:46:25 5.2000 GHz  windows 33  with tone 33  worst SNR 55.7 dB | tone +183653.8 Hz 10000 samples | ch1  -63.78 (max dev 0.04)  ch2  -20.03 (max dev 0.02)  ch3 -101.00 (max dev 0.03)
[meter] 12:46:25 2.4000 GHz  windows 176  with tone 102  worst SNR -16.1 dB | ch1 +138.79 (max dev 0.05)  ch2  -67.02 (max dev 0.03)  ch3  +88.56 (max dev 0.04)
[meter] 12:46:25 5.8000 GHz  windows 395  with tone 0  worst SNR -21.4 dB | no tone
[radio] calibration tone parked on 5.8000 GHz
[meter] 12:46:30 5.2000 GHz  windows 171  with tone 110  worst SNR -13.3 dB | ch1  -63.78 (max dev 0.04)  ch2  -20.02 (max dev 0.04)  ch3 -100.99 (max dev 0.04)
[meter] 12:46:30 5.8000 GHz  windows 16  with tone 16  worst SNR 54.3 dB | tone +181774.4 Hz 10000 samples | ch1  -45.45 (max dev 0.03)  ch2 +139.72 (max dev 0.02)  ch3  +29.63 (max dev 0.02)
[meter] 12:46:30 2.4000 GHz  windows 305  with tone 102  worst SNR -25.5 dB | ch1 +138.79 (max dev 0.05)  ch2  -67.02 (max dev 0.03)  ch3  +88.56 (max dev 0.04)
[phasecal] now   2.4000 GHz  ch1   -45.31 deg  ch2  -153.64 deg  ch3   -79.47 deg
[phasecal] now   5.2000 GHz  ch1   +47.65 deg  ch2   +51.91 deg  ch3   -65.08 deg
[phasecal] now   5.8000 GHz  ch1   +37.21 deg  ch2   -64.72 deg  ch3  -156.61 deg
[cal] OK 2026-09-30 12:46:33 -- table updated (largest correction change 139.74 deg, worst single window 0.05 deg)
[radio] calibration tone parked on 2.4000 GHz
[meter] 12:46:35 2.4000 GHz  windows 431  with tone 144  worst SNR -25.5 dB | tone +192431.1 Hz 10000 samples | ch1 +117.33 (max dev 117.37)  ch2  -48.94 (max dev 48.95)  ch3  +66.39 (max dev 66.44)
[meter] 12:46:35 5.2000 GHz  windows 305  with tone 110  worst SNR -18.0 dB | ch1  -63.78 (max dev 0.04)  ch2  -20.02 (max dev 0.04)  ch3 -100.99 (max dev 0.04)
[meter] 12:46:35 5.8000 GHz  windows 155  with tone 111  worst SNR -18.3 dB | ch1  -45.45 (max dev 0.03)  ch2 +139.74 (max dev 0.05)  ch3  +29.65 (max dev 0.04)
[meter] 12:46:40 5.2000 GHz  windows 443  with tone 110  worst SNR -20.9 dB | ch1  -63.78 (max dev 0.04)  ch2  -20.02 (max dev 0.04)  ch3 -100.99 (max dev 0.04)
[meter] 12:46:40 2.4000 GHz  windows 558  with tone 271  worst SNR -25.5 dB | tone +192397.5 Hz 10000 samples | ch1   +7.99 (max dev 130.85)  ch2   -8.97 (max dev 58.07)  ch3  +10.34 (max dev 78.26)
[meter] 12:46:40 5.8000 GHz  windows 295  with tone 111  worst SNR -21.2 dB | ch1  -45.45 (max dev 0.03)  ch2 +139.74 (max dev 0.05)  ch3  +29.65 (max dev 0.04)
[meter] 12:46:45 2.4000 GHz  windows 687  with tone 400  worst SNR -25.5 dB | tone +192355.1 Hz 10000 samples | ch1   +0.02 (max dev 0.07)  ch2   -0.02 (max dev 0.05)  ch3   -0.01 (max dev 0.06)
[meter] 12:46:45 5.2000 GHz  windows 580  with tone 110  worst SNR -24.2 dB | ch1  -63.78 (max dev 0.04)  ch2  -20.02 (max dev 0.04)  ch3 -100.99 (max dev 0.04)
[meter] 12:46:45 5.8000 GHz  windows 432  with tone 111  worst SNR -23.3 dB | ch1  -45.45 (max dev 0.03)  ch2 +139.74 (max dev 0.05)  ch3  +29.65 (max dev 0.04)
[meter] 12:46:50 5.2000 GHz  windows 710  with tone 110  worst SNR -33.7 dB | ch1  -63.78 (max dev 0.04)  ch2  -20.02 (max dev 0.04)  ch3 -100.99 (max dev 0.04)
[meter] 12:46:50 2.4000 GHz  windows 808  with tone 521  worst SNR -25.5 dB | tone +192304.6 Hz 10000 samples | ch1   +0.02 (max dev 0.07)  ch2   -0.02 (max dev 0.05)  ch3   -0.01 (max dev 0.04)
[meter] 12:46:50 5.8000 GHz  windows 566  with tone 111  worst SNR -23.3 dB | ch1  -45.45 (max dev 0.03)  ch2 +139.74 (max dev 0.05)  ch3  +29.65 (max dev 0.04)
[meter] 12:46:55 5.2000 GHz  windows 842  with tone 110  worst SNR -33.7 dB | ch1  -63.78 (max dev 0.04)  ch2  -20.02 (max dev 0.04)  ch3 -100.99 (max dev 0.04)
[meter] 12:46:55 2.4000 GHz  windows 926  with tone 639  worst SNR -25.5 dB | tone +192300.2 Hz 10000 samples | ch1   +0.02 (max dev 0.07)  ch2   -0.02 (max dev 0.05)  ch3   -0.01 (max dev 0.05)
[meter] 12:46:55 5.8000 GHz  windows 700  with tone 111  worst SNR -23.3 dB | ch1  -45.45 (max dev 0.03)  ch2 +139.74 (max dev 0.05)  ch3  +29.65 (max dev 0.04)
[meter] 12:47:00 2.4000 GHz  windows 1061  with tone 774  worst SNR -25.5 dB | tone +192281.3 Hz 10000 samples | ch1   +0.02 (max dev 0.07)  ch2   -0.02 (max dev 0.05)  ch3   -0.01 (max dev 0.05)
[meter] 12:47:00 5.2000 GHz  windows 978  with tone 110  worst SNR -33.7 dB | ch1  -63.78 (max dev 0.04)  ch2  -20.02 (max dev 0.04)  ch3 -100.99 (max dev 0.04)
[meter] 12:47:00 5.8000 GHz  windows 838  with tone 111  worst SNR -23.3 dB | ch1  -45.45 (max dev 0.03)  ch2 +139.74 (max dev 0.05)  ch3  +29.65 (max dev 0.04)
[meter] 12:47:05 2.4000 GHz  windows 1200  with tone 913  worst SNR -25.5 dB | tone +192273.2 Hz 10000 samples | ch1   +0.02 (max dev 0.06)  ch2   -0.02 (max dev 0.04)  ch3   -0.01 (max dev 0.04)
[meter] 12:47:05 5.2000 GHz  windows 1117  with tone 110  worst SNR -33.7 dB | ch1  -63.78 (max dev 0.04)  ch2  -20.02 (max dev 0.04)  ch3 -100.99 (max dev 0.04)
[meter] 12:47:05 5.8000 GHz  windows 978  with tone 111  worst SNR -24.7 dB | ch1  -45.45 (max dev 0.03)  ch2 +139.74 (max dev 0.05)  ch3  +29.65 (max dev 0.04)
[meter] 12:47:10 5.2000 GHz  windows 1256  with tone 110  worst SNR -33.7 dB | ch1  -63.78 (max dev 0.04)  ch2  -20.02 (max dev 0.04)  ch3 -100.99 (max dev 0.04)
[meter] 12:47:10 2.4000 GHz  windows 1338  with tone 1051  worst SNR -25.5 dB | tone +192258.5 Hz 10000 samples | ch1   +0.03 (max dev 0.06)  ch2   -0.01 (max dev 0.04)  ch3   -0.00 (max dev 0.04)
[meter] 12:47:10 5.8000 GHz  windows 1116  with tone 111  worst SNR -24.7 dB | ch1  -45.45 (max dev 0.03)  ch2 +139.74 (max dev 0.05)  ch3  +29.65 (max dev 0.04)
[meter] 12:47:15 5.2000 GHz  windows 1395  with tone 110  worst SNR -33.7 dB | ch1  -63.78 (max dev 0.04)  ch2  -20.02 (max dev 0.04)  ch3 -100.99 (max dev 0.04)
[meter] 12:47:15 2.4000 GHz  windows 1477  with tone 1190  worst SNR -25.5 dB | tone +192264.6 Hz 10000 samples | ch1   +0.03 (max dev 0.06)  ch2   -0.01 (max dev 0.05)  ch3   +0.00 (max dev 0.05)
[meter] 12:47:15 5.8000 GHz  windows 1256  with tone 111  worst SNR -24.7 dB | ch1  -45.45 (max dev 0.03)  ch2 +139.74 (max dev 0.05)  ch3  +29.65 (max dev 0.04)
[meter] 12:47:20 5.2000 GHz  windows 1534  with tone 110  worst SNR -33.7 dB | ch1  -63.78 (max dev 0.04)  ch2  -20.02 (max dev 0.04)  ch3 -100.99 (max dev 0.04)
[meter] 12:47:20 2.4000 GHz  windows 1616  with tone 1329  worst SNR -25.5 dB | tone +192253.9 Hz 10000 samples | ch1   +0.03 (max dev 0.07)  ch2   -0.01 (max dev 0.05)  ch3   -0.00 (max dev 0.05)
[meter] 12:47:20 5.8000 GHz  windows 1394  with tone 111  worst SNR -24.7 dB | ch1  -45.45 (max dev 0.03)  ch2 +139.74 (max dev 0.05)  ch3  +29.65 (max dev 0.04)
[meter] 12:47:25 5.2000 GHz  windows 1673  with tone 110  worst SNR -33.7 dB | ch1  -63.78 (max dev 0.04)  ch2  -20.02 (max dev 0.04)  ch3 -100.99 (max dev 0.04)
[meter] 12:47:25 2.4000 GHz  windows 1755  with tone 1468  worst SNR -25.5 dB | tone +192283.4 Hz 10000 samples | ch1   +0.03 (max dev 0.07)  ch2   -0.01 (max dev 0.05)  ch3   +0.00 (max dev 0.04)
[meter] 12:47:25 5.8000 GHz  windows 1534  with tone 111  worst SNR -24.7 dB | ch1  -45.45 (max dev 0.03)  ch2 +139.74 (max dev 0.05)  ch3  +29.65 (max dev 0.04)
[meter] 12:47:30 5.2000 GHz  windows 1812  with tone 110  worst SNR -33.7 dB | ch1  -63.78 (max dev 0.04)  ch2  -20.02 (max dev 0.04)  ch3 -100.99 (max dev 0.04)
[meter] 12:47:30 2.4000 GHz  windows 1894  with tone 1607  worst SNR -25.5 dB | tone +192296.0 Hz 10000 samples | ch1   +0.03 (max dev 0.06)  ch2   -0.01 (max dev 0.05)  ch3   +0.00 (max dev 0.04)
[meter] 12:47:30 5.8000 GHz  windows 1673  with tone 111  worst SNR -24.7 dB | ch1  -45.45 (max dev 0.03)  ch2 +139.74 (max dev 0.05)  ch3  +29.65 (max dev 0.04)
[meter] 12:47:35 5.2000 GHz  windows 1951  with tone 110  worst SNR -33.7 dB | ch1  -63.78 (max dev 0.04)  ch2  -20.02 (max dev 0.04)  ch3 -100.99 (max dev 0.04)
[meter] 12:47:35 2.4000 GHz  windows 2033  with tone 1746  worst SNR -25.5 dB | tone +192300.4 Hz 10000 samples | ch1   +0.03 (max dev 0.06)  ch2   -0.01 (max dev 0.05)  ch3   +0.01 (max dev 0.04)
[meter] 12:47:35 5.8000 GHz  windows 1812  with tone 111  worst SNR -24.7 dB | ch1  -45.45 (max dev 0.03)  ch2 +139.74 (max dev 0.05)  ch3  +29.65 (max dev 0.04)
[meter] 12:47:40 5.2000 GHz  windows 2090  with tone 110  worst SNR -33.7 dB | ch1  -63.78 (max dev 0.04)  ch2  -20.02 (max dev 0.04)  ch3 -100.99 (max dev 0.04)
[meter] 12:47:40 2.4000 GHz  windows 2170  with tone 1883  worst SNR -25.5 dB | tone +192308.0 Hz 10000 samples | ch1   +0.04 (max dev 0.06)  ch2   -0.00 (max dev 0.05)  ch3   +0.01 (max dev 0.05)
[meter] 12:47:40 5.8000 GHz  windows 1951  with tone 111  worst SNR -24.7 dB | ch1  -45.45 (max dev 0.03)  ch2 +139.74 (max dev 0.05)  ch3  +29.65 (max dev 0.04)
[meter] 12:47:45 5.2000 GHz  windows 2229  with tone 110  worst SNR -33.7 dB | ch1  -63.78 (max dev 0.04)  ch2  -20.02 (max dev 0.04)  ch3 -100.99 (max dev 0.04)
[meter] 12:47:45 2.4000 GHz  windows 2309  with tone 2022  worst SNR -25.5 dB | tone +192308.4 Hz 10000 samples | ch1   +0.03 (max dev 0.06)  ch2   -0.00 (max dev 0.04)  ch3   +0.01 (max dev 0.04)
[meter] 12:47:45 5.8000 GHz  windows 2090  with tone 111  worst SNR -24.7 dB | ch1  -45.45 (max dev 0.03)  ch2 +139.74 (max dev 0.05)  ch3  +29.65 (max dev 0.04)
[meter] 12:47:50 5.2000 GHz  windows 2366  with tone 110  worst SNR -44.2 dB | ch1  -63.78 (max dev 0.04)  ch2  -20.02 (max dev 0.04)  ch3 -100.99 (max dev 0.04)
[meter] 12:47:50 2.4000 GHz  windows 2442  with tone 2155  worst SNR -25.5 dB | tone +192316.2 Hz 10000 samples | ch1   +0.04 (max dev 0.07)  ch2   +0.00 (max dev 0.04)  ch3   +0.02 (max dev 0.05)
[meter] 12:47:50 5.8000 GHz  windows 2229  with tone 111  worst SNR -24.7 dB | ch1  -45.45 (max dev 0.03)  ch2 +139.74 (max dev 0.05)  ch3  +29.65 (max dev 0.04)
[meter] 12:47:55 5.2000 GHz  windows 2505  with tone 110  worst SNR -44.2 dB | ch1  -63.78 (max dev 0.04)  ch2  -20.02 (max dev 0.04)  ch3 -100.99 (max dev 0.04)
[meter] 12:47:55 2.4000 GHz  windows 2580  with tone 2293  worst SNR -25.5 dB | tone +192346.8 Hz 10000 samples | ch1   +0.04 (max dev 0.07)  ch2   +0.01 (max dev 0.05)  ch3   +0.02 (max dev 0.04)
[meter] 12:47:55 5.8000 GHz  windows 2368  with tone 111  worst SNR -24.7 dB | ch1  -45.45 (max dev 0.03)  ch2 +139.74 (max dev 0.05)  ch3  +29.65 (max dev 0.04)
[meter] 12:48:00 5.2000 GHz  windows 2643  with tone 110  worst SNR -44.2 dB | ch1  -63.78 (max dev 0.04)  ch2  -20.02 (max dev 0.04)  ch3 -100.99 (max dev 0.04)
[meter] 12:48:00 2.4000 GHz  windows 2718  with tone 2431  worst SNR -25.5 dB | tone +192360.3 Hz 10000 samples | ch1   +0.04 (max dev 0.06)  ch2   +0.00 (max dev 0.05)  ch3   +0.02 (max dev 0.05)
[meter] 12:48:00 5.8000 GHz  windows 2507  with tone 111  worst SNR -24.7 dB | ch1  -45.45 (max dev 0.03)  ch2 +139.74 (max dev 0.05)  ch3  +29.65 (max dev 0.04)
[meter] 12:48:05 5.2000 GHz  windows 2782  with tone 110  worst SNR -44.2 dB | ch1  -63.78 (max dev 0.04)  ch2  -20.02 (max dev 0.04)  ch3 -100.99 (max dev 0.04)
[meter] 12:48:05 2.4000 GHz  windows 2857  with tone 2570  worst SNR -25.5 dB | tone +192359.1 Hz 10000 samples | ch1   +0.04 (max dev 0.07)  ch2   +0.00 (max dev 0.05)  ch3   +0.02 (max dev 0.05)
[meter] 12:48:05 5.8000 GHz  windows 2646  with tone 111  worst SNR -24.7 dB | ch1  -45.45 (max dev 0.03)  ch2 +139.74 (max dev 0.05)  ch3  +29.65 (max dev 0.04)
[meter] 12:48:10 5.2000 GHz  windows 2920  with tone 110  worst SNR -44.2 dB | ch1  -63.78 (max dev 0.04)  ch2  -20.02 (max dev 0.04)  ch3 -100.99 (max dev 0.04)
[meter] 12:48:10 2.4000 GHz  windows 2991  with tone 2704  worst SNR -25.5 dB | tone +192359.0 Hz 10000 samples | ch1   +0.04 (max dev 0.06)  ch2   +0.01 (max dev 0.04)  ch3   +0.02 (max dev 0.05)
[meter] 12:48:10 5.8000 GHz  windows 2785  with tone 111  worst SNR -24.7 dB | ch1  -45.45 (max dev 0.03)  ch2 +139.74 (max dev 0.05)  ch3  +29.65 (max dev 0.04)
[meter] 12:48:15 5.2000 GHz  windows 3046  with tone 110  worst SNR -44.2 dB | ch1  -63.78 (max dev 0.04)  ch2  -20.02 (max dev 0.04)  ch3 -100.99 (max dev 0.04)
[meter] 12:48:15 2.4000 GHz  windows 3118  with tone 2831  worst SNR -25.5 dB | tone +192380.6 Hz 10000 samples | ch1   +0.04 (max dev 0.06)  ch2   +0.00 (max dev 0.05)  ch3   +0.02 (max dev 0.04)
[meter] 12:48:15 5.8000 GHz  windows 2918  with tone 111  worst SNR -24.7 dB | ch1  -45.45 (max dev 0.03)  ch2 +139.74 (max dev 0.05)  ch3  +29.65 (max dev 0.04)
[meter] 12:48:20 5.2000 GHz  windows 3181  with tone 110  worst SNR -44.2 dB | ch1  -63.78 (max dev 0.04)  ch2  -20.02 (max dev 0.04)  ch3 -100.99 (max dev 0.04)
[meter] 12:48:20 2.4000 GHz  windows 3245  with tone 2958  worst SNR -25.5 dB | tone +192366.7 Hz 10000 samples | ch1   +0.04 (max dev 0.06)  ch2   +0.01 (max dev 0.04)  ch3   +0.03 (max dev 0.04)
[meter] 12:48:20 5.8000 GHz  windows 3051  with tone 111  worst SNR -24.7 dB | ch1  -45.45 (max dev 0.03)  ch2 +139.74 (max dev 0.05)  ch3  +29.65 (max dev 0.04)
[meter] 12:48:25 5.2000 GHz  windows 3311  with tone 110  worst SNR -44.2 dB | ch1  -63.78 (max dev 0.04)  ch2  -20.02 (max dev 0.04)  ch3 -100.99 (max dev 0.04)
[meter] 12:48:25 2.4000 GHz  windows 3380  with tone 3093  worst SNR -25.5 dB | tone +192356.5 Hz 10000 samples | ch1   +0.04 (max dev 0.09)  ch2   +0.01 (max dev 0.05)  ch3   +0.03 (max dev 0.05)
[meter] 12:48:25 5.8000 GHz  windows 3188  with tone 111  worst SNR -24.7 dB | ch1  -45.45 (max dev 0.03)  ch2 +139.74 (max dev 0.05)  ch3  +29.65 (max dev 0.04)
[meter] 12:48:30 5.2000 GHz  windows 3440  with tone 110  worst SNR -44.2 dB | ch1  -63.78 (max dev 0.04)  ch2  -20.02 (max dev 0.04)  ch3 -100.99 (max dev 0.04)
[meter] 12:48:30 2.4000 GHz  windows 3506  with tone 3219  worst SNR -25.5 dB | tone +192377.0 Hz 10000 samples | ch1   +0.04 (max dev 0.08)  ch2   +0.01 (max dev 0.04)  ch3   +0.03 (max dev 0.05)
[meter] 12:48:30 5.8000 GHz  windows 3313  with tone 111  worst SNR -25.5 dB | ch1  -45.45 (max dev 0.03)  ch2 +139.74 (max dev 0.05)  ch3  +29.65 (max dev 0.04)
[meter] 12:48:35 5.2000 GHz  windows 3578  with tone 110  worst SNR -44.2 dB | ch1  -63.78 (max dev 0.04)  ch2  -20.02 (max dev 0.04)  ch3 -100.99 (max dev 0.04)
[meter] 12:48:35 2.4000 GHz  windows 3640  with tone 3353  worst SNR -25.5 dB | tone +192347.7 Hz 10000 samples | ch1   +0.04 (max dev 0.06)  ch2   +0.01 (max dev 0.05)  ch3   +0.04 (max dev 0.05)
[meter] 12:48:35 5.8000 GHz  windows 3450  with tone 111  worst SNR -40.2 dB | ch1  -45.45 (max dev 0.03)  ch2 +139.74 (max dev 0.05)  ch3  +29.65 (max dev 0.04)
[meter] 12:48:40 5.2000 GHz  windows 3712  with tone 110  worst SNR -44.2 dB | ch1  -63.78 (max dev 0.04)  ch2  -20.02 (max dev 0.04)  ch3 -100.99 (max dev 0.04)
[meter] 12:48:40 2.4000 GHz  windows 3770  with tone 3483  worst SNR -25.5 dB | tone +192374.1 Hz 10000 samples | ch1   +0.04 (max dev 0.06)  ch2   +0.02 (max dev 0.05)  ch3   +0.03 (max dev 0.05)
[meter] 12:48:40 5.8000 GHz  windows 3587  with tone 111  worst SNR -41.5 dB | ch1  -45.45 (max dev 0.03)  ch2 +139.74 (max dev 0.05)  ch3  +29.65 (max dev 0.04)
[meter] 12:48:45 5.2000 GHz  windows 3841  with tone 110  worst SNR -44.2 dB | ch1  -63.78 (max dev 0.04)  ch2  -20.02 (max dev 0.04)  ch3 -100.99 (max dev 0.04)
[meter] 12:48:45 2.4000 GHz  windows 3896  with tone 3609  worst SNR -25.5 dB | tone +192358.5 Hz 10000 samples | ch1   +0.04 (max dev 0.06)  ch2   +0.01 (max dev 0.04)  ch3   +0.03 (max dev 0.05)
[meter] 12:48:45 5.8000 GHz  windows 3720  with tone 111  worst SNR -41.5 dB | ch1  -45.45 (max dev 0.03)  ch2 +139.74 (max dev 0.05)  ch3  +29.65 (max dev 0.04)
[meter] 12:48:50 5.2000 GHz  windows 3975  with tone 110  worst SNR -44.2 dB | ch1  -63.78 (max dev 0.04)  ch2  -20.02 (max dev 0.04)  ch3 -100.99 (max dev 0.04)
[meter] 12:48:50 2.4000 GHz  windows 4025  with tone 3738  worst SNR -25.5 dB | tone +192370.8 Hz 10000 samples | ch1   +0.05 (max dev 0.07)  ch2   +0.01 (max dev 0.05)  ch3   +0.03 (max dev 0.05)
[meter] 12:48:50 5.8000 GHz  windows 3851  with tone 111  worst SNR -41.5 dB | ch1  -45.45 (max dev 0.03)  ch2 +139.74 (max dev 0.05)  ch3  +29.65 (max dev 0.04)
[meter] 12:48:55 5.2000 GHz  windows 4107  with tone 110  worst SNR -44.2 dB | ch1  -63.78 (max dev 0.04)  ch2  -20.02 (max dev 0.04)  ch3 -100.99 (max dev 0.04)
[meter] 12:48:55 2.4000 GHz  windows 4162  with tone 3875  worst SNR -25.5 dB | tone +192362.3 Hz 10000 samples | ch1   +0.05 (max dev 0.06)  ch2   +0.01 (max dev 0.05)  ch3   +0.02 (max dev 0.05)
[meter] 12:48:55 5.8000 GHz  windows 3987  with tone 111  worst SNR -41.5 dB | ch1  -45.45 (max dev 0.03)  ch2 +139.74 (max dev 0.05)  ch3  +29.65 (max dev 0.04)
[meter] 12:49:00 5.2000 GHz  windows 4242  with tone 110  worst SNR -44.2 dB | ch1  -63.78 (max dev 0.04)  ch2  -20.02 (max dev 0.04)  ch3 -100.99 (max dev 0.04)
[meter] 12:49:00 2.4000 GHz  windows 4291  with tone 4004  worst SNR -25.5 dB | tone +192372.4 Hz 10000 samples | ch1   +0.05 (max dev 0.08)  ch2   +0.01 (max dev 0.05)  ch3   +0.03 (max dev 0.06)
[meter] 12:49:00 5.8000 GHz  windows 4123  with tone 111  worst SNR -41.5 dB | ch1  -45.45 (max dev 0.03)  ch2 +139.74 (max dev 0.05)  ch3  +29.65 (max dev 0.04)
[meter] 12:49:05 5.2000 GHz  windows 4379  with tone 110  worst SNR -44.2 dB | ch1  -63.78 (max dev 0.04)  ch2  -20.02 (max dev 0.04)  ch3 -100.99 (max dev 0.04)
[meter] 12:49:05 2.4000 GHz  windows 4427  with tone 4140  worst SNR -25.5 dB | tone +192387.4 Hz 10000 samples | ch1   +0.05 (max dev 0.06)  ch2   +0.01 (max dev 0.05)  ch3   +0.03 (max dev 0.04)
[meter] 12:49:05 5.8000 GHz  windows 4259  with tone 111  worst SNR -41.5 dB | ch1  -45.45 (max dev 0.03)  ch2 +139.74 (max dev 0.05)  ch3  +29.65 (max dev 0.04)
[meter] 12:49:10 5.2000 GHz  windows 4513  with tone 110  worst SNR -44.2 dB | ch1  -63.78 (max dev 0.04)  ch2  -20.02 (max dev 0.04)  ch3 -100.99 (max dev 0.04)
[meter] 12:49:10 2.4000 GHz  windows 4556  with tone 4269  worst SNR -25.5 dB | tone +192373.2 Hz 10000 samples | ch1   +0.04 (max dev 0.07)  ch2   +0.01 (max dev 0.05)  ch3   +0.03 (max dev 0.05)
[meter] 12:49:10 5.8000 GHz  windows 4394  with tone 111  worst SNR -41.5 dB | ch1  -45.45 (max dev 0.03)  ch2 +139.74 (max dev 0.05)  ch3  +29.65 (max dev 0.04)
[meter] 12:49:15 5.2000 GHz  windows 4640  with tone 110  worst SNR -52.5 dB | ch1  -63.78 (max dev 0.04)  ch2  -20.02 (max dev 0.04)  ch3 -100.99 (max dev 0.04)
[meter] 12:49:15 2.4000 GHz  windows 4686  with tone 4399  worst SNR -25.5 dB | tone +192354.0 Hz 10000 samples | ch1   +0.05 (max dev 0.08)  ch2   +0.01 (max dev 0.05)  ch3   +0.02 (max dev 0.05)
[meter] 12:49:15 5.8000 GHz  windows 4526  with tone 111  worst SNR -41.5 dB | ch1  -45.45 (max dev 0.03)  ch2 +139.74 (max dev 0.05)  ch3  +29.65 (max dev 0.04)
[meter] 12:49:20 5.2000 GHz  windows 4775  with tone 110  worst SNR -52.5 dB | ch1  -63.78 (max dev 0.04)  ch2  -20.02 (max dev 0.04)  ch3 -100.99 (max dev 0.04)
[meter] 12:49:20 2.4000 GHz  windows 4818  with tone 4531  worst SNR -25.5 dB | tone +192375.6 Hz 10000 samples | ch1   +0.05 (max dev 0.06)  ch2   +0.00 (max dev 0.05)  ch3   +0.02 (max dev 0.05)
[meter] 12:49:20 5.8000 GHz  windows 4661  with tone 111  worst SNR -41.5 dB | ch1  -45.45 (max dev 0.03)  ch2 +139.74 (max dev 0.05)  ch3  +29.65 (max dev 0.04)
[meter] 12:49:25 5.2000 GHz  windows 4911  with tone 110  worst SNR -52.5 dB | ch1  -63.78 (max dev 0.04)  ch2  -20.02 (max dev 0.04)  ch3 -100.99 (max dev 0.04)
[meter] 12:49:25 2.4000 GHz  windows 4951  with tone 4664  worst SNR -25.5 dB | tone +192344.2 Hz 10000 samples | ch1   +0.05 (max dev 0.06)  ch2   +0.00 (max dev 0.05)  ch3   +0.02 (max dev 0.04)
[meter] 12:49:25 5.8000 GHz  windows 4796  with tone 111  worst SNR -41.5 dB | ch1  -45.45 (max dev 0.03)  ch2 +139.74 (max dev 0.05)  ch3  +29.65 (max dev 0.04)
[meter] 12:49:30 5.2000 GHz  windows 5044  with tone 110  worst SNR -52.5 dB | ch1  -63.78 (max dev 0.04)  ch2  -20.02 (max dev 0.04)  ch3 -100.99 (max dev 0.04)
[meter] 12:49:30 2.4000 GHz  windows 5080  with tone 4793  worst SNR -25.5 dB | tone +192357.8 Hz 10000 samples | ch1   +0.04 (max dev 0.05)  ch2   +0.00 (max dev 0.05)  ch3   +0.02 (max dev 0.04)
[meter] 12:49:30 5.8000 GHz  windows 4925  with tone 111  worst SNR -41.5 dB | ch1  -45.45 (max dev 0.03)  ch2 +139.74 (max dev 0.05)  ch3  +29.65 (max dev 0.04)
[meter] 12:49:35 5.2000 GHz  windows 5183  with tone 110  worst SNR -52.5 dB | ch1  -63.78 (max dev 0.04)  ch2  -20.02 (max dev 0.04)  ch3 -100.99 (max dev 0.04)
[meter] 12:49:35 2.4000 GHz  windows 5219  with tone 4932  worst SNR -25.5 dB | tone +192339.2 Hz 10000 samples | ch1   +0.04 (max dev 0.06)  ch2   +0.01 (max dev 0.04)  ch3   +0.02 (max dev 0.04)
[meter] 12:49:35 5.8000 GHz  windows 5064  with tone 111  worst SNR -41.5 dB | ch1  -45.45 (max dev 0.03)  ch2 +139.74 (max dev 0.05)  ch3  +29.65 (max dev 0.04)
[meter] 12:49:40 5.2000 GHz  windows 5322  with tone 110  worst SNR -52.5 dB | ch1  -63.78 (max dev 0.04)  ch2  -20.02 (max dev 0.04)  ch3 -100.99 (max dev 0.04)
[meter] 12:49:40 2.4000 GHz  windows 5358  with tone 5071  worst SNR -25.5 dB | tone +192342.9 Hz 10000 samples | ch1   +0.05 (max dev 0.07)  ch2   +0.01 (max dev 0.04)  ch3   +0.03 (max dev 0.05)
[meter] 12:49:40 5.8000 GHz  windows 5203  with tone 111  worst SNR -41.5 dB | ch1  -45.45 (max dev 0.03)  ch2 +139.74 (max dev 0.05)  ch3  +29.65 (max dev 0.04)
[meter] 12:49:45 5.2000 GHz  windows 5454  with tone 110  worst SNR -52.5 dB | ch1  -63.78 (max dev 0.04)  ch2  -20.02 (max dev 0.04)  ch3 -100.99 (max dev 0.04)
[meter] 12:49:45 2.4000 GHz  windows 5493  with tone 5206  worst SNR -25.5 dB | tone +192365.0 Hz 10000 samples | ch1   +0.05 (max dev 0.05)  ch2   +0.01 (max dev 0.04)  ch3   +0.03 (max dev 0.04)
[meter] 12:49:45 5.8000 GHz  windows 5338  with tone 111  worst SNR -41.5 dB | ch1  -45.45 (max dev 0.03)  ch2 +139.74 (max dev 0.05)  ch3  +29.65 (max dev 0.04)
[meter] 12:49:50 5.2000 GHz  windows 5590  with tone 110  worst SNR -52.5 dB | ch1  -63.78 (max dev 0.04)  ch2  -20.02 (max dev 0.04)  ch3 -100.99 (max dev 0.04)
[meter] 12:49:50 2.4000 GHz  windows 5631  with tone 5344  worst SNR -25.5 dB | tone +192351.0 Hz 10000 samples | ch1   +0.05 (max dev 0.05)  ch2   +0.02 (max dev 0.04)  ch3   +0.04 (max dev 0.05)
[meter] 12:49:50 5.8000 GHz  windows 5477  with tone 111  worst SNR -41.5 dB | ch1  -45.45 (max dev 0.03)  ch2 +139.74 (max dev 0.05)  ch3  +29.65 (max dev 0.04)
[meter] 12:49:55 5.2000 GHz  windows 5729  with tone 110  worst SNR -52.5 dB | ch1  -63.78 (max dev 0.04)  ch2  -20.02 (max dev 0.04)  ch3 -100.99 (max dev 0.04)
[meter] 12:49:55 2.4000 GHz  windows 5770  with tone 5483  worst SNR -25.5 dB | tone +192368.2 Hz 10000 samples | ch1   +0.05 (max dev 0.07)  ch2   +0.02 (max dev 0.05)  ch3   +0.04 (max dev 0.05)
[meter] 12:49:55 5.8000 GHz  windows 5616  with tone 111  worst SNR -41.5 dB | ch1  -45.45 (max dev 0.03)  ch2 +139.74 (max dev 0.05)  ch3  +29.65 (max dev 0.04)
[meter] 12:50:00 5.2000 GHz  windows 5868  with tone 110  worst SNR -52.5 dB | ch1  -63.78 (max dev 0.04)  ch2  -20.02 (max dev 0.04)  ch3 -100.99 (max dev 0.04)
[meter] 12:50:00 2.4000 GHz  windows 5908  with tone 5621  worst SNR -25.5 dB | tone +192367.0 Hz 10000 samples | ch1   +0.05 (max dev 0.07)  ch2   +0.01 (max dev 0.04)  ch3   +0.03 (max dev 0.04)
[meter] 12:50:00 5.8000 GHz  windows 5755  with tone 111  worst SNR -41.5 dB | ch1  -45.45 (max dev 0.03)  ch2 +139.74 (max dev 0.05)  ch3  +29.65 (max dev 0.04)
[meter] 12:50:05 5.2000 GHz  windows 6001  with tone 110  worst SNR -52.5 dB | ch1  -63.78 (max dev 0.04)  ch2  -20.02 (max dev 0.04)  ch3 -100.99 (max dev 0.04)
[meter] 12:50:05 2.4000 GHz  windows 6041  with tone 5754  worst SNR -25.5 dB | tone +192373.2 Hz 10000 samples | ch1   +0.06 (max dev 0.07)  ch2   +0.01 (max dev 0.04)  ch3   +0.03 (max dev 0.04)
[meter] 12:50:05 5.8000 GHz  windows 5887  with tone 111  worst SNR -41.5 dB | ch1  -45.45 (max dev 0.03)  ch2 +139.74 (max dev 0.05)  ch3  +29.65 (max dev 0.04)
[meter] 12:50:10 5.2000 GHz  windows 6138  with tone 110  worst SNR -52.5 dB | ch1  -63.78 (max dev 0.04)  ch2  -20.02 (max dev 0.04)  ch3 -100.99 (max dev 0.04)
[meter] 12:50:10 2.4000 GHz  windows 6174  with tone 5887  worst SNR -25.5 dB | tone +192364.3 Hz 10000 samples | ch1   +0.06 (max dev 0.06)  ch2   +0.01 (max dev 0.05)  ch3   +0.03 (max dev 0.05)
[meter] 12:50:10 5.8000 GHz  windows 6021  with tone 111  worst SNR -41.5 dB | ch1  -45.45 (max dev 0.03)  ch2 +139.74 (max dev 0.05)  ch3  +29.65 (max dev 0.04)
[meter] 12:50:15 5.2000 GHz  windows 6273  with tone 110  worst SNR -52.5 dB | ch1  -63.78 (max dev 0.04)  ch2  -20.02 (max dev 0.04)  ch3 -100.99 (max dev 0.04)
[meter] 12:50:15 2.4000 GHz  windows 6298  with tone 6011  worst SNR -25.5 dB | tone +192368.0 Hz 10000 samples | ch1   +0.06 (max dev 0.07)  ch2   +0.01 (max dev 0.04)  ch3   +0.03 (max dev 0.04)
[meter] 12:50:15 5.8000 GHz  windows 6152  with tone 111  worst SNR -41.5 dB | ch1  -45.45 (max dev 0.03)  ch2 +139.74 (max dev 0.05)  ch3  +29.65 (max dev 0.04)
[meter] 12:50:20 5.2000 GHz  windows 6404  with tone 110  worst SNR -52.5 dB | ch1  -63.78 (max dev 0.04)  ch2  -20.02 (max dev 0.04)  ch3 -100.99 (max dev 0.04)
[meter] 12:50:20 2.4000 GHz  windows 6424  with tone 6137  worst SNR -25.5 dB | tone +192379.3 Hz 10000 samples | ch1   +0.06 (max dev 0.05)  ch2   +0.02 (max dev 0.04)  ch3   +0.04 (max dev 0.04)
[meter] 12:50:20 5.8000 GHz  windows 6281  with tone 111  worst SNR -41.5 dB | ch1  -45.45 (max dev 0.03)  ch2 +139.74 (max dev 0.05)  ch3  +29.65 (max dev 0.04)
[meter] 12:50:25 5.2000 GHz  windows 6540  with tone 110  worst SNR -52.5 dB | ch1  -63.78 (max dev 0.04)  ch2  -20.02 (max dev 0.04)  ch3 -100.99 (max dev 0.04)
[meter] 12:50:25 2.4000 GHz  windows 6557  with tone 6270  worst SNR -25.5 dB | tone +192375.1 Hz 10000 samples | ch1   +0.06 (max dev 0.05)  ch2   +0.01 (max dev 0.05)  ch3   +0.03 (max dev 0.05)
[meter] 12:50:25 5.8000 GHz  windows 6417  with tone 111  worst SNR -41.5 dB | ch1  -45.45 (max dev 0.03)  ch2 +139.74 (max dev 0.05)  ch3  +29.65 (max dev 0.04)
[meter] 12:50:30 5.2000 GHz  windows 6674  with tone 110  worst SNR -52.5 dB | ch1  -63.78 (max dev 0.04)  ch2  -20.02 (max dev 0.04)  ch3 -100.99 (max dev 0.04)
[meter] 12:50:30 2.4000 GHz  windows 6685  with tone 6398  worst SNR -25.5 dB | tone +192345.1 Hz 10000 samples | ch1   +0.06 (max dev 0.05)  ch2   +0.00 (max dev 0.04)  ch3   +0.02 (max dev 0.04)
[meter] 12:50:30 5.8000 GHz  windows 6550  with tone 111  worst SNR -41.5 dB | ch1  -45.45 (max dev 0.03)  ch2 +139.74 (max dev 0.05)  ch3  +29.65 (max dev 0.04)
[meter] 12:50:35 5.2000 GHz  windows 6812  with tone 110  worst SNR -52.5 dB | ch1  -63.78 (max dev 0.04)  ch2  -20.02 (max dev 0.04)  ch3 -100.99 (max dev 0.04)
[meter] 12:50:35 2.4000 GHz  windows 6819  with tone 6532  worst SNR -25.5 dB | tone +192376.7 Hz 10000 samples | ch1   +0.06 (max dev 0.06)  ch2   +0.01 (max dev 0.04)  ch3   +0.03 (max dev 0.05)
[meter] 12:50:35 5.8000 GHz  windows 6684  with tone 111  worst SNR -41.5 dB | ch1  -45.45 (max dev 0.03)  ch2 +139.74 (max dev 0.05)  ch3  +29.65 (max dev 0.04)
[meter] 12:50:40 5.2000 GHz  windows 6951  with tone 110  worst SNR -52.5 dB | ch1  -63.78 (max dev 0.04)  ch2  -20.02 (max dev 0.04)  ch3 -100.99 (max dev 0.04)
[meter] 12:50:40 2.4000 GHz  windows 6958  with tone 6671  worst SNR -25.5 dB | tone +192365.5 Hz 10000 samples | ch1   +0.06 (max dev 0.05)  ch2   +0.00 (max dev 0.05)  ch3   +0.03 (max dev 0.05)
[meter] 12:50:40 5.8000 GHz  windows 6822  with tone 111  worst SNR -41.5 dB | ch1  -45.45 (max dev 0.03)  ch2 +139.74 (max dev 0.05)  ch3  +29.65 (max dev 0.04)
[meter] 12:50:45 5.2000 GHz  windows 7089  with tone 110  worst SNR -52.5 dB | ch1  -63.78 (max dev 0.04)  ch2  -20.02 (max dev 0.04)  ch3 -100.99 (max dev 0.04)
[meter] 12:50:45 2.4000 GHz  windows 7097  with tone 6810  worst SNR -25.5 dB | tone +192371.0 Hz 10000 samples | ch1   +0.06 (max dev 0.07)  ch2   +0.01 (max dev 0.05)  ch3   +0.04 (max dev 0.05)
[meter] 12:50:45 5.8000 GHz  windows 6961  with tone 111  worst SNR -41.5 dB | ch1  -45.45 (max dev 0.03)  ch2 +139.74 (max dev 0.05)  ch3  +29.65 (max dev 0.04)
